error[E_TYPE_ASSIGN]: cannot assign "blue" to 'c' declared as "red" | "green"
  --> tests/check/bad_exhaustive.rald:17:1
     |
 17 | c: "red" | "green" = "blue"    # error: not an alternative
    | ^
   = expected: "red" | "green"
   = actual:   "blue"
error[E_TYPE_ASSIGN]: cannot assign 5 to 'd' declared as 4
  --> tests/check/bad_exhaustive.rald:18:1
     |
 18 | d: 4 = 5                       # error: wrong literal
    | ^
   = expected: 4
   = actual:   5
error[E_TYPE_ASSIGN]: cannot assign {kind: "tri", base: int, h: int} to 'impossible' declared as never
  --> tests/check/bad_exhaustive.rald:9:5
    |
 9 |     impossible: never = s      # error: Tri is not handled
   |     ^
   = expected: never
   = actual:   {kind: "tri", base: int, h: int}
error[E_TYPE_OPERAND]: unsupported operand types for +: int | None and int
  --> tests/check/bad_exhaustive.rald:14:14
     |
 14 |     return x + 1               # error: x may be None
    |              ^
