error[E_TYPE_ASSIGN]: cannot assign "hello" to 'n' declared as int
  --> tests/check/bad_annot.rald:1:1
    |
 1 | n: int = "hello"
   | ^
   = expected: int
   = actual:   "hello"
error[E_TYPE_UNKNOWN_TYPE]: unknown type 'unknown_type'
  --> tests/check/bad_annot.rald:2:4
    |
 2 | m: unknown_type = 1
   |    ^
error[E_TYPE_ASSIGN]: cannot assign list[1 | "two"] to 'xs' declared as list[int]
  --> tests/check/bad_annot.rald:3:1
    |
 3 | xs: list[int] = [1, "two"]
   | ^
   = expected: list[int]
   = actual:   list[1 | "two"]
error[E_TYPE_RETURN]: 'return' outside of a function
  --> tests/check/bad_annot.rald:5:1
    |
 5 | return 1
   | ^
error[E_TYPE_RETURN]: returning 3 from a function declared to return str
  --> tests/check/bad_annot.rald:4:18
    |
 4 | def f() -> str { return 3 }
   |                  ^
   = expected: str
   = actual:   3
