[
  {
    "kind": "type",
    "severity": "error",
    "code": "E_TYPE_ASSIGN",
    "file": "tests/check/bad_annot.rald",
    "line": 1,
    "column": 1,
    "message": "cannot assign \"hello\" to 'n' declared as int",
    "expected": "int",
    "actual": "\"hello\"",
    "source_line": "n: int = \"hello\""
  },
  {
    "kind": "type",
    "severity": "error",
    "code": "E_TYPE_UNKNOWN_TYPE",
    "file": "tests/check/bad_annot.rald",
    "line": 2,
    "column": 4,
    "message": "unknown type 'unknown_type'",
    "source_line": "m: unknown_type = 1"
  },
  {
    "kind": "type",
    "severity": "error",
    "code": "E_TYPE_ASSIGN",
    "file": "tests/check/bad_annot.rald",
    "line": 3,
    "column": 1,
    "message": "cannot assign list[1 | \"two\"] to 'xs' declared as list[int]",
    "expected": "list[int]",
    "actual": "list[1 | \"two\"]",
    "source_line": "xs: list[int] = [1, \"two\"]"
  },
  {
    "kind": "type",
    "severity": "error",
    "code": "E_TYPE_RETURN",
    "file": "tests/check/bad_annot.rald",
    "line": 5,
    "column": 1,
    "message": "'return' outside of a function",
    "source_line": "return 1"
  },
  {
    "kind": "type",
    "severity": "error",
    "code": "E_TYPE_RETURN",
    "file": "tests/check/bad_annot.rald",
    "line": 4,
    "column": 18,
    "message": "returning 3 from a function declared to return str",
    "expected": "str",
    "actual": "3",
    "source_line": "def f() -> str { return 3 }"
  }
]
