mul_tt True
arith_mixed True
sub_st True
div_tt True
div_st True
exp True
log True
tanh True
relu True
mean_sq True
max True
matmul_vv True
matmul_mv True
matmul_vm True
matmul_mm True
transpose True
permute True
reshape True
slice_overlap True
expand True
astype True
diamond True
unused_branch True
constant_leaf True
ALL: True
