4 7 -1
True True True
2 2
['a', 'b', '', 'c']
['nosep'] ['x']
['a', 'b', 'c'] []
['hello', 'world']
a-b-c 
{before: 'key', found: True, after: 'value'} {before: 'nope', found: False, after: ''}
[hi] [hi ] [ hi]
bXXa aaaaaa
ababab MIXED mixed cba
[007] [7..]
['a', 'b', 'c'] b abc def
Hello  mixed hELLO wORLD
They'Re Bill'S Hello World
[--ab--] [.abc..] [ab]
00042 -00042 +007 123
[ab..] [..ab]
[a   b] [        ] ab
world world hello hello
['a,b,c', 'd'] ['a,b', 'c', 'd'] ['a', 'b', 'c'] ['nosep']
{before: 'key=value', found: True, after: 'rest'} {before: '', found: False, after: 'nope'}
True False False
True False True False True False
True True
True False False True False
True False False
True False True False
True False False False
h2ll4 w4rld hll wrld zbc
42 -17 8
invalid digit in '4x2' empty string no digits in '-'
255 11
2.5 -1000.0 7.0
False False False
a\"b\\c\nd\te
True
unknown escape \q trailing backslash
hello 42 8 True
abc
