1 DEF
1 IDENT add
1 LPAREN
1 IDENT a
1 COLON
1 IDENT int
1 COMMA
1 IDENT b
1 COLON
1 IDENT int
1 RPAREN
1 ARROW
1 IDENT int
1 LBRACE
2 RETURN
2 IDENT a
2 PLUS
2 IDENT b
3 RBRACE
4 IDENT x
4 ASSIGN
4 IDENT add
4 LPAREN
4 INT 1
4 COMMA
4 INT 2
4 RPAREN
4 STAR
4 FLOAT 3.5
4 MINUS
4 INT 4
4 PERCENT
4 INT 2
5 IDENT ok
5 ASSIGN
5 IDENT x
5 GE
5 INT 1
5 AND
5 IDENT x
5 NE
5 INT 0
5 OR
5 NOT
5 TRUE
6 IDENT t
6 ASSIGN
6 IDENT int
6 PIPE
6 LBRACE
6 IDENT y
6 COLON
6 IDENT float
6 RBRACE
6 AMP
6 IDENT Point
7 EOF
